[0m22:21:06.105305 [debug] [MainThread]: Sending event: {'category': 'dbt', 'action': 'invocation', 'label': 'start', 'context': [<snowplow_tracker.self_describing_json.SelfDescribingJson object at 0x0000019912CD7F80>, <snowplow_tracker.self_describing_json.SelfDescribingJson object at 0x000001991202B380>, <snowplow_tracker.self_describing_json.SelfDescribingJson object at 0x00000199120286E0>]}


============================== 22:21:06.662891 | 2da54524-a44e-4532-813a-72d0a626bba5 ==============================
[0m22:21:06.662891 [info ] [MainThread]: Running with dbt=1.12.3
[0m22:21:06.662891 [debug] [MainThread]: running dbt with arguments {'static_parser': 'True', 'no_print': 'None', 'maximum_seed_size_mib': '1', 'warn_error_options': 'WarnErrorOptionsV2(error=[], warn=[], silence=[])', 'target_path': 'None', 'version_check': 'True', 'printer_width': '80', 'write_json': 'True', 'introspect': 'True', 'log_cache_events': 'False', 'empty': 'None', 'cache_selected_only': 'False', 'fail_fast': 'False', 'debug': 'False', 'log_format': 'default', 'profiles_dir': 'C:\\Users\\Avinash J. Patel\\.dbt', 'send_anonymous_usage_stats': 'True', 'quiet': 'False', 'warn_error': 'None', 'partial_parse': 'True', 'indirect_selection': 'eager', 'hints_enabled': 'True', 'invocation_command': 'dbt init', 'use_experimental_parser': 'False', 'use_colors': 'True', 'log_path': 'logs'}
[0m22:21:07.646807 [info ] [MainThread]: Creating dbt configuration folder at C:\Users\Avinash J. Patel\.dbt
[0m22:21:45.176077 [debug] [MainThread]: Starter project path: D:\ANSHLAMBDA_DBT\.venv\Lib\site-packages\dbt\include\starter_project
[0m22:21:45.226378 [info ] [MainThread]: Setting up your profile.
[0m22:22:01.528903 [debug] [MainThread]: Snowflake adapter: Setting snowflake.connector to ERROR (file logging only)
[0m22:22:01.532955 [debug] [MainThread]: Snowflake adapter: Setting botocore to ERROR (file logging only)
[0m22:22:01.533930 [debug] [MainThread]: Snowflake adapter: Setting boto3 to ERROR (file logging only)
[0m22:30:35.251123 [info ] [MainThread]: Profile dbt_yt_tutorial written to C:\Users\Avinash J. Patel\.dbt\profiles.yml using target's profile_template.yml and your supplied values.
[0m22:30:35.322090 [info ] [MainThread]: Running dbt debug to validate the project...
[0m22:30:35.322090 [info ] [MainThread]: dbt version: 1.12.3
[0m22:30:35.339403 [info ] [MainThread]: python version: 3.12.3
[0m22:30:35.339403 [info ] [MainThread]: python path: D:\ANSHLAMBDA_DBT\.venv\Scripts\python.exe
[0m22:30:35.343210 [info ] [MainThread]: os info: Windows-10-10.0.19045-SP0
[0m22:30:35.517184 [info ] [MainThread]: Using profiles dir at C:\Users\Avinash J. Patel\.dbt
[0m22:30:35.517184 [info ] [MainThread]: Using profiles.yml file at C:\Users\Avinash J. Patel\.dbt\profiles.yml
[0m22:30:35.517184 [info ] [MainThread]: Using dbt_project.yml file at D:\ANSHLAMBDA_DBT\dbt_yt_tutorial\dbt_project.yml
[0m22:30:35.539119 [info ] [MainThread]: adapter type: snowflake
[0m22:30:35.541121 [info ] [MainThread]: adapter version: 1.12.0
[0m22:30:35.793200 [info ] [MainThread]: Configuration:
[0m22:30:35.793200 [info ] [MainThread]:   profiles.yml file [[32mOK found and valid[0m]
[0m22:30:35.793200 [info ] [MainThread]:   dbt_project.yml file [[32mOK found and valid[0m]
[0m22:30:35.793200 [info ] [MainThread]: Required dependencies:
[0m22:30:35.793200 [debug] [MainThread]: Executing "git --help"
[0m22:30:35.884404 [debug] [MainThread]: STDOUT: "b"usage: git [-v | --version] [-h | --help] [-C <path>] [-c <name>=<value>]\n           [--exec-path[=<path>]] [--html-path] [--man-path] [--info-path]\n           [-p | --paginate | -P | --no-pager] [--no-replace-objects] [--no-lazy-fetch]\n           [--no-optional-locks] [--no-advice] [--bare] [--git-dir=<path>]\n           [--work-tree=<path>] [--namespace=<name>] [--config-env=<name>=<envvar>]\n           <command> [<args>]\n\nThese are common Git commands used in various situations:\n\nstart a working area (see also: git help tutorial)\n   clone      Clone a repository into a new directory\n   init       Create an empty Git repository or reinitialize an existing one\n\nwork on the current change (see also: git help everyday)\n   add        Add file contents to the index\n   mv         Move or rename a file, a directory, or a symlink\n   restore    Restore working tree files\n   rm         Remove files from the working tree and from the index\n\nexamine the history and state (see also: git help revisions)\n   bisect     Use binary search to find the commit that introduced a bug\n   diff       Show changes between commits, commit and working tree, etc\n   grep       Print lines matching a pattern\n   log        Show commit logs\n   show       Show various types of objects\n   status     Show the working tree status\n\ngrow, mark and tweak your common history\n   backfill   Download missing objects in a partial clone\n   branch     List, create, or delete branches\n   commit     Record changes to the repository\n   merge      Join two or more development histories together\n   rebase     Reapply commits on top of another base tip\n   reset      Reset current HEAD to the specified state\n   switch     Switch branches\n   tag        Create, list, delete or verify a tag object signed with GPG\n\ncollaborate (see also: git help workflows)\n   fetch      Download objects and refs from another repository\n   pull       Fetch from and integrate with another repository or a local branch\n   push       Update remote refs along with associated objects\n\n'git help -a' and 'git help -g' list available subcommands and some\nconcept guides. See 'git help <command>' or 'git help <concept>'\nto read about a specific subcommand or concept.\nSee 'git help git' for an overview of the system.\n""
[0m22:30:35.886415 [debug] [MainThread]: STDERR: "b''"
[0m22:30:35.887464 [info ] [MainThread]:  - git [[32mOK found[0m]

[0m22:30:35.887464 [info ] [MainThread]: Connection:
[0m22:30:35.887464 [info ] [MainThread]:   account: gqptxat-cs16293
[0m22:30:35.887464 [info ] [MainThread]:   user: AVINASH
[0m22:30:35.887464 [info ] [MainThread]:   database: DBT_TUTORIAL_DEV
[0m22:30:35.887464 [info ] [MainThread]:   warehouse: COMPUTE_WH
[0m22:30:35.896367 [info ] [MainThread]:   role: ACCOUNTADMIN
[0m22:30:35.899052 [info ] [MainThread]:   schema: SOURCE
[0m22:30:35.900056 [info ] [MainThread]:   authenticator: None
[0m22:30:35.903791 [info ] [MainThread]:   oauth_client_id: None
[0m22:30:35.905789 [info ] [MainThread]:   query_tag: None
[0m22:30:35.911808 [info ] [MainThread]:   client_session_keep_alive: False
[0m22:30:35.911808 [info ] [MainThread]:   host: None
[0m22:30:35.911808 [info ] [MainThread]:   port: None
[0m22:30:35.911808 [info ] [MainThread]:   proxy_host: None
[0m22:30:35.919256 [info ] [MainThread]:   proxy_port: None
[0m22:30:35.924060 [info ] [MainThread]:   protocol: None
[0m22:30:35.924060 [info ] [MainThread]:   connect_retries: 1
[0m22:30:35.924060 [info ] [MainThread]:   connect_timeout: None
[0m22:30:35.924060 [info ] [MainThread]:   retry_on_database_errors: False
[0m22:30:35.924060 [info ] [MainThread]:   retry_all: False
[0m22:30:35.924060 [info ] [MainThread]:   insecure_mode: False
[0m22:30:35.924060 [info ] [MainThread]:   reuse_connections: True
[0m22:30:35.939452 [info ] [MainThread]:   s3_stage_vpce_dns_name: None
[0m22:30:35.939452 [info ] [MainThread]:   workload_identity_provider: None
[0m22:30:35.939452 [info ] [MainThread]:   workload_identity_entra_resource: None
[0m22:30:35.954301 [info ] [MainThread]:   platform_detection_timeout_seconds: 0.0
[0m22:30:35.956253 [info ] [MainThread]: Registered adapter: snowflake=1.12.0
[0m22:30:37.146073 [debug] [MainThread]: Acquiring new snowflake connection 'debug'
[0m22:30:37.167882 [debug] [MainThread]: Using snowflake connection "debug"
[0m22:30:37.167882 [debug] [MainThread]: On debug: select 1 as id
[0m22:30:37.167882 [debug] [MainThread]: Opening a new connection, currently in state init
[0m22:30:41.969188 [debug] [MainThread]: SQL status: SUCCESS 1 in 4.804 seconds
[0m22:30:41.986022 [info ] [MainThread]:   Connection test: [[32mOK connection ok[0m]

[0m22:30:41.988030 [info ] [MainThread]: [32mAll checks passed![0m
[0m22:30:41.989025 [info ] [MainThread]: Your new dbt project "dbt_yt_tutorial" was created!
Initialized new project in D:\ANSHLAMBDA_DBT\dbt_yt_tutorial\dbt_yt_tutorial

For more information on how to configure the profiles.yml file,
please consult the dbt documentation here:

  https://docs.getdbt.com/docs/configure-your-profile

One more thing:

Need help? Don't hesitate to reach out to us via GitHub issues or on Slack:

  https://community.getdbt.com/

Happy modeling!

[0m22:30:41.992020 [debug] [MainThread]: Command `dbt init` succeeded at 22:30:41.992020 after 576.30 seconds
[0m22:30:41.993020 [debug] [MainThread]: Connection 'debug' was left open.
[0m22:30:41.994047 [debug] [MainThread]: On debug: Close
[0m22:30:42.184110 [debug] [MainThread]: Sending event: {'category': 'dbt', 'action': 'invocation', 'label': 'end', 'context': [<snowplow_tracker.self_describing_json.SelfDescribingJson object at 0x00000199129712B0>, <snowplow_tracker.self_describing_json.SelfDescribingJson object at 0x0000019914A06AB0>, <snowplow_tracker.self_describing_json.SelfDescribingJson object at 0x00000199162E5FA0>]}
[0m22:30:42.186516 [debug] [MainThread]: Flushing usage events
[0m22:30:43.385470 [debug] [MainThread]: An error was encountered while trying to flush usage events
{"data":{"log_version":3,"version":"=2.0.0-preview.205"},"info":{"category":"","code":"A001","extra":{},"invocation_id":"01a034da-1918-7462-948a-33d3b655acd6","level":"info","msg":"Running with dbt-fusion=2.0.0-preview.205","name":"MainReportVersion","pid":7048,"thread":"tokio-rt-worker","ts":"2026-08-24T17:38:23.701024Z"}}
{"data":{"args":{"debug":"false","invocation_command":"C:\\Users\\Avinash J. Patel\\.local\\bin\\dbt.exe license info --json --log-format json","log_format":"json","quiet":"false","write_json":"true"}},"info":{"category":"","code":"A002","extra":{},"invocation_id":"01a034da-1918-7462-948a-33d3b655acd6","level":"debug","msg":"running dbt-fusion with arguments {\"command\":\"license\",\"vars\":\"{}\",\"limit\":\"10\",\"debug\":false,\"log_format\":\"json\",\"quiet\":false,\"write_json\":true,\"write_catalog\":false,\"manage_state\":false}","name":"MainReportArgs","pid":7048,"thread":"tokio-rt-worker","ts":"2026-08-24T17:38:23.701223Z"}}
{"data":{},"info":{"category":"","code":"","extra":{},"invocation_id":"01a034da-1918-7462-948a-33d3b655acd6","level":"debug","msg":"No platform credentials found, skipping remote license","name":"Generic","pid":7048,"thread":"tokio-rt-worker","ts":"2026-08-24T17:38:23.779132Z"}}
{"data":{},"info":{"category":"","code":"","extra":{},"invocation_id":"01a034da-1918-7462-948a-33d3b655acd6","level":"debug","msg":"License loaded from file C:\\Users\\Avinash J. Patel\\.dbt\\license.trial","name":"Generic","pid":7048,"thread":"tokio-rt-worker","ts":"2026-08-24T17:38:25.052277Z"}}
{"data":{"columns":[],"is_inline":true,"node_name":"license_info","output_format":"json","preview":"{\n  \"status\": \"valid\",\n  \"licensing_enabled\": true,\n  \"features\": [\n    \"compare\",\n    \"strict-static-analysis\"\n  ],\n  \"issued_at\": \"2026-08-24T17:26:47+00:00\",\n  \"expires_at\": \"2026-09-07T17:26:47+00:00\",\n  \"license_type\": \"trial\",\n  \"machine_id\": \"e623e88297aefd5923a253031d187e72bb61b8c3d8595d4d2cd777d5f264e9a1\",\n  \"days_remaining\": 13,\n  \"trial_start_date\": \"2026-08-24T17:26:47+00:00\"\n}","unique_id":"license.info"},"info":{"category":"","code":"Q041","extra":{},"invocation_id":"01a034da-1918-7462-948a-33d3b655acd6","level":"info","msg":"{\n  \"status\": \"valid\",\n  \"licensing_enabled\": true,\n  \"features\": [\n    \"compare\",\n    \"strict-static-analysis\"\n  ],\n  \"issued_at\": \"2026-08-24T17:26:47+00:00\",\n  \"expires_at\": \"2026-09-07T17:26:47+00:00\",\n  \"license_type\": \"trial\",\n  \"machine_id\": \"e623e88297aefd5923a253031d187e72bb61b8c3d8595d4d2cd777d5f264e9a1\",\n  \"days_remaining\": 13,\n  \"trial_start_date\": \"2026-08-24T17:26:47+00:00\"\n}","name":"ShowNode","pid":7048,"thread":"tokio-rt-worker","ts":"2026-08-24T17:38:25.393983Z"}}
{"data":{"completed_at":"2026-08-24T17:38:25.575610Z","elapsed":1.88287353515625,"success":true},"info":{"category":"","code":"Q039","extra":{},"invocation_id":"01a034da-1918-7462-948a-33d3b655acd6","level":"info","msg":"\n==================== Execution Summary =====================\nFinished 'license' successfully [1.9s]","name":"CommandCompleted","pid":7048,"thread":"tokio-rt-worker","ts":"2026-08-24T17:38:25.576020Z"}}
